
--- Notification Triggered at 2026-02-04 10:51:09.155175 ---
Found 4 approved voters: ['test@example.com', 'Bharathsrinu3057@gmail.com', 'shaikferoz4792@gmail.com', 'test999@example.com']
Attempting to notify: test@example.com
Successfully sent to test@example.com
Attempting to notify: Bharathsrinu3057@gmail.com
Successfully sent to Bharathsrinu3057@gmail.com
Attempting to notify: shaikferoz4792@gmail.com
Successfully sent to shaikferoz4792@gmail.com
Attempting to notify: test999@example.com
Successfully sent to test999@example.com

--- Notification Triggered at 2026-02-04 10:51:32.265506 ---
Found 4 approved voters: ['test@example.com', 'Bharathsrinu3057@gmail.com', 'shaikferoz4792@gmail.com', 'test999@example.com']
Attempting to notify: test@example.com
Successfully sent to test@example.com
Attempting to notify: Bharathsrinu3057@gmail.com
Successfully sent to Bharathsrinu3057@gmail.com
Attempting to notify: shaikferoz4792@gmail.com
Successfully sent to shaikferoz4792@gmail.com
Attempting to notify: test999@example.com
Successfully sent to test999@example.com

--- Notification Triggered at 2026-02-04 11:02:38.820453 ---
Found 4 approved voters: ['test@example.com', 'Bharathsrinu3057@gmail.com', 'shaikferoz4792@gmail.com', 'test999@example.com']
Attempting to notify: test@example.com
Successfully sent to test@example.com
Attempting to notify: Bharathsrinu3057@gmail.com
Successfully sent to Bharathsrinu3057@gmail.com
Attempting to notify: shaikferoz4792@gmail.com
Successfully sent to shaikferoz4792@gmail.com
Attempting to notify: test999@example.com
Successfully sent to test999@example.com

--- Notification Triggered at 2026-02-04 11:57:35.797570 ---
Found 4 approved voters: ['test@example.com', 'Bharathsrinu3057@gmail.com', 'shaikferoz4792@gmail.com', 'test999@example.com']
Attempting to notify: test@example.com
Successfully sent to test@example.com
Attempting to notify: Bharathsrinu3057@gmail.com
Successfully sent to Bharathsrinu3057@gmail.com
Attempting to notify: shaikferoz4792@gmail.com
Successfully sent to shaikferoz4792@gmail.com
Attempting to notify: test999@example.com
Successfully sent to test999@example.com

--- Notification Triggered at 2026-02-04 14:34:33.132183 ---
Found 4 approved voters: ['test@example.com', 'Bharathsrinu3057@gmail.com', 'shaikferoz4792@gmail.com', 'test999@example.com']
Attempting to notify: test@example.com
Successfully sent to test@example.com
Attempting to notify: Bharathsrinu3057@gmail.com
Successfully sent to Bharathsrinu3057@gmail.com
Attempting to notify: shaikferoz4792@gmail.com
Successfully sent to shaikferoz4792@gmail.com
Attempting to notify: test999@example.com
Successfully sent to test999@example.com

--- Notification Triggered at 2026-02-05 10:06:32.039060 ---
Found 4 approved voters: ['test@example.com', 'Bharathsrinu3057@gmail.com', 'shaikferoz4792@gmail.com', 'test999@example.com']
Attempting to notify: test@example.com
Successfully sent to test@example.com
Attempting to notify: Bharathsrinu3057@gmail.com
Successfully sent to Bharathsrinu3057@gmail.com
Attempting to notify: shaikferoz4792@gmail.com
Successfully sent to shaikferoz4792@gmail.com
Attempting to notify: test999@example.com
Successfully sent to test999@example.com

--- Notification Triggered at 2026-02-09 13:05:52.921708 ---
Found 4 approved voters: ['test@example.com', 'Bharathsrinu3057@gmail.com', 'shaikferoz4792@gmail.com', 'test999@example.com']
Attempting to notify: test@example.com
Successfully sent to test@example.com
Attempting to notify: Bharathsrinu3057@gmail.com
Successfully sent to Bharathsrinu3057@gmail.com
Attempting to notify: shaikferoz4792@gmail.com
Successfully sent to shaikferoz4792@gmail.com
Attempting to notify: test999@example.com
Successfully sent to test999@example.com

--- Notification Triggered at 2026-02-09 14:07:55.336625 ---
Found 4 approved voters: ['test@example.com', 'Bharathsrinu3057@gmail.com', 'shaikferoz4792@gmail.com', 'test999@example.com']
Attempting to notify: test@example.com
Successfully sent to test@example.com
Attempting to notify: Bharathsrinu3057@gmail.com
Successfully sent to Bharathsrinu3057@gmail.com
Attempting to notify: shaikferoz4792@gmail.com
Successfully sent to shaikferoz4792@gmail.com
Attempting to notify: test999@example.com
Successfully sent to test999@example.com

[SMS SIMULATION] To: 7893934474 | Code: 946296 | Time: 2026-02-09 21:02:41.545717

[SMS SIMULATION] To: 7893934474 | Code: 345466 | Time: 2026-02-09 21:02:41.563695

[SMS SIMULATION] To: 7893934474 | Code: 780867 | Time: 2026-02-09 21:10:49.690448

[SMS SIMULATION] To: 7893934474 | Code: 940216 | Time: 2026-02-09 21:10:49.706097
